<testsuites id="" name="" tests="5" failures="1" skipped="0" errors="0" time="12.792031">
<testsuite name="index.spec.js" timestamp="2025-02-23T18:12:16.051Z" hostname="webkit" tests="5" failures="1" skipped="0" time="5.711" errors="0">
<testcase name="simple › Playwright home page" classname="index.spec.js" time="1.367">
</testcase>
<testcase name="simple › Example" classname="index.spec.js" time="0.372">
<failure message="index.spec.js:20:7 Example" type="FAILURE">
<![CDATA[  [webkit] › index.spec.js:20:7 › simple › Example ─────────────────────────────────────────────────

    Error: expect(received).toBeGreaterThan(expected)

    Expected: > 0
    Received:   0

      24 |     const docLoc = page.getByRole('document');
      25 |     const docLang = (await docLoc.getAttribute('lang')) || '';
    > 26 |     expect(docLang.length).toBeGreaterThan(0);
         |                            ^
      27 |   });
      28 | });
      29 |
        at /Users/pool/Documents/Topics/repos/a11yTesting/pwdocker/tests/index.spec.js:26:28
]]>
</failure>
</testcase>
<testcase name="alfa › alfa" classname="index.spec.js" time="0.797">
<system-out>
<![CDATA[Siteimprove found accessibility issues:
  [1mPage - Example Domain[22m
  This page contains 3 issues.
    1. Interactive element does not meet enhanced size (1 occurrence)
    2. Page language has not been identified (1 occurrence)
    3. Line height is below minimum value (2 occurrences)
]]>
</system-out>
</testcase>
<testcase name="axe › axe" classname="index.spec.js" time="0.926">
<system-out>
<![CDATA[Axe results:
{
  "testEngine": {
    "name": "axe-core",
    "version": "4.10.2"
  },
  "testRunner": {
    "name": "axe"
  },
  "testEnvironment": {
    "userAgent": "Mozilla/5.0 (Macintosh; Intel Mac OS X 10_15_7) AppleWebKit/605.1.15 (KHTML, like Gecko) Version/18.2 Safari/605.1.15",
    "windowWidth": 1280,
    "windowHeight": 720,
    "orientationAngle": 0,
    "orientationType": "landscape-primary"
  },
  "timestamp": "2025-02-23T18:12:24.004Z",
  "url": "https://example.com/",
  "toolOptions": {
    "reporter": "v1"
  },
  "inapplicable": [
    {
      "id": "accesskeys",
      "impact": null,
      "tags": [
        "cat.keyboard",
        "best-practice"
      ],
      "description": "Ensure every accesskey attribute value is unique",
      "help": "accesskey attribute value should be unique",
      "helpUrl": "https://dequeuniversity.com/rules/axe/4.10/accesskeys?application=playwright",
      "nodes": []
    },
    {
      "id": "area-alt",
      "impact": null,
      "tags": [
        "cat.text-alternatives",
        "wcag2a",
        "wcag244",
        "wcag412",
        "section508",
        "section508.22.a",
        "TTv5",
        "TT6.a",
        "EN-301-549",
        "EN-9.2.4.4",
        "EN-9.4.1.2",
        "ACT"
      ],
      "description": "Ensure <area> elements of image maps have alternative text",
      "help": "Active <area> elements must have alternative text",
      "helpUrl": "https://dequeuniversity.com/rules/axe/4.10/area-alt?application=playwright",
      "nodes": []
    },
    {
      "id": "aria-allowed-attr",
      "impact": null,
      "tags": [
        "cat.aria",
        "wcag2a",
        "wcag412",
        "EN-301-549",
        "EN-9.4.1.2"
      ],
      "description": "Ensure an element's role supports its ARIA attributes",
      "help": "Elements must only use supported ARIA attributes",
      "helpUrl": "https://dequeuniversity.com/rules/axe/4.10/aria-allowed-attr?application=playwright",
      "nodes": []
    },
    {
      "id": "aria-allowed-role",
      "impact": null,
      "tags": [
        "cat.aria",
        "best-practice"
      ],
      "description": "Ensure role attribute has an appropriate value for the element",
      "help": "ARIA role should be appropriate for the element",
      "helpUrl": "https://dequeuniversity.com/rules/axe/4.10/aria-allowed-role?application=playwright",
      "nodes": []
    },
    {
      "id": "aria-braille-equivalent",
      "impact": null,
      "tags": [
        "cat.aria",
        "wcag2a",
        "wcag412",
        "EN-301-549",
        "EN-9.4.1.2"
      ],
      "description": "Ensure aria-braillelabel and aria-brailleroledescription have a non-braille equivalent",
      "help": "aria-braille attributes must have a non-braille equivalent",
      "helpUrl": "https://dequeuniversity.com/rules/axe/4.10/aria-braille-equivalent?application=playwright",
      "nodes": []
    },
    {
      "id": "aria-command-name",
      "impact": null,
      "tags": [
        "cat.aria",
        "wcag2a",
        "wcag412",
        "TTv5",
        "TT6.a",
        "EN-301-549",
        "EN-9.4.1.2",
        "ACT"
      ],
      "description": "Ensure every ARIA button, link and menuitem has an accessible name",
      "help": "ARIA commands must have an accessible name",
      "helpUrl": "https://dequeuniversity.com/rules/axe/4.10/aria-command-name?application=playwright",
      "nodes": []
    },
    {
      "id": "aria-conditional-attr",
      "impact": null,
      "tags": [
        "cat.aria",
        "wcag2a",
        "wcag412",
        "EN-301-549",
        "EN-9.4.1.2"
      ],
      "description": "Ensure ARIA attributes are used as described in the specification of the element's role",
      "help": "ARIA attributes must be used as specified for the element's role",
      "helpUrl": "https://dequeuniversity.com/rules/axe/4.10/aria-conditional-attr?application=playwright",
      "nodes": []
    },
    {
      "id": "aria-deprecated-role",
      "impact": null,
      "tags": [
        "cat.aria",
        "wcag2a",
        "wcag412",
        "EN-301-549",
        "EN-9.4.1.2"
      ],
      "description": "Ensure elements do not use deprecated roles",
      "help": "Deprecated ARIA roles must not be used",
      "helpUrl": "https://dequeuniversity.com/rules/axe/4.10/aria-deprecated-role?application=playwright",
      "nodes": []
    },
    {
      "id": "aria-dialog-name",
      "impact": null,
      "tags": [
        "cat.aria",
        "best-practice"
      ],
      "description": "Ensure every ARIA dialog and alertdialog node has an accessible name",
      "help": "ARIA dialog and alertdialog nodes should have an accessible name",
      "helpUrl": "https://dequeuniversity.com/rules/axe/4.10/aria-dialog-name?application=playwright",
      "nodes": []
    },
    {
      "id": "aria-hidden-focus",
      "impact": null,
      "tags": [
        "cat.name-role-value",
        "wcag2a",
        "wcag412",
        "TTv5",
        "TT6.a",
        "EN-301-549",
        "EN-9.4.1.2"
      ],
      "description": "Ensure aria-hidden elements are not focusable nor contain focusable elements",
      "help": "ARIA hidden element must not be focusable or contain focusable elements",
      "helpUrl": "https://dequeuniversity.com/rules/axe/4.10/aria-hidden-focus?application=playwright",
      "nodes": []
    },
    {
      "id": "aria-input-field-name",
      "impact": null,
      "tags": [
        "cat.aria",
        "wcag2a",
        "wcag412",
        "TTv5",
        "TT5.c",
        "EN-301-549",
        "EN-9.4.1.2",
        "ACT"
      ],
      "description": "Ensure every ARIA input field has an accessible name",
      "help": "ARIA input fields must have an accessible name",
      "helpUrl": "https://dequeuniversity.com/rules/axe/4.10/aria-input-field-name?application=playwright",
      "nodes": []
    },
    {
      "id": "aria-meter-name",
      "impact": null,
      "tags": [
        "cat.aria",
        "wcag2a",
        "wcag111",
        "EN-301-549",
        "EN-9.1.1.1"
      ],
      "description": "Ensure every ARIA meter node has an accessible name",
      "help": "ARIA meter nodes must have an accessible name",
      "helpUrl": "https://dequeuniversity.com/rules/axe/4.10/aria-meter-name?application=playwright",
      "nodes": []
    },
    {
      "id": "aria-progressbar-name",
      "impact": null,
      "tags": [
        "cat.aria",
        "wcag2a",
        "wcag111",
        "EN-301-549",
        "EN-9.1.1.1"
      ],
      "description": "Ensure every ARIA progressbar node has an accessible name",
      "help": "ARIA progressbar nodes must have an accessible name",
      "helpUrl": "https://dequeuniversity.com/rules/axe/4.10/aria-progressbar-name?application=playwright",
      "nodes": []
    },
    {
      "id": "aria-prohibited-attr",
      "impact": null,
      "tags": [
        "cat.aria",
        "wcag2a",
        "wcag412",
        "EN-301-549",
        "EN-9.4.1.2"
      ],
      "description": "Ensure ARIA attributes are not prohibited for an element's role",
      "help": "Elements must only use permitted ARIA attributes",
      "helpUrl": "https://dequeuniversity.com/rules/axe/4.10/aria-prohibited-attr?application=playwright",
      "nodes": []
    },
    {
      "id": "aria-required-attr",
      "impact": null,
      "tags": [
        "cat.aria",
        "wcag2a",
        "wcag412",
        "EN-301-549",
        "EN-9.4.1.2"
      ],
      "description": "Ensure elements with ARIA roles have all required ARIA attributes",
      "help": "Required ARIA attributes must be provided",
      "helpUrl": "https://dequeuniversity.com/rules/axe/4.10/aria-required-attr?application=playwright",
      "nodes": []
    },
    {
      "id": "aria-required-children",
      "impact": null,
      "tags": [
        "cat.aria",
        "wcag2a",
        "wcag131",
        "EN-301-549",
        "EN-9.1.3.1"
      ],
      "description": "Ensure elements with an ARIA role that require child roles contain them",
      "help": "Certain ARIA roles must contain particular children",
      "helpUrl": "https://dequeuniversity.com/rules/axe/4.10/aria-required-children?application=playwright",
      "nodes": []
    },
    {
      "id": "aria-required-parent",
      "impact": null,
      "tags": [
        "cat.aria",
        "wcag2a",
        "wcag131",
        "EN-301-549",
        "EN-9.1.3.1"
      ],
      "description": "Ensure elements with an ARIA role that require parent roles are contained by them",
      "help": "Certain ARIA roles must be contained by particular parents",
      "helpUrl": "https://dequeuniversity.com/rules/axe/4.10/aria-required-parent?application=playwright",
      "nodes": []
    },
    {
      "id": "aria-roles",
      "impact": null,
      "tags": [
        "cat.aria",
        "wcag2a",
        "wcag412",
        "EN-301-549",
        "EN-9.4.1.2"
      ],
      "description": "Ensure all elements with a role attribute use a valid value",
      "help": "ARIA roles used must conform to valid values",
      "helpUrl": "https://dequeuniversity.com/rules/axe/4.10/aria-roles?application=playwright",
      "nodes": []
    },
    {
      "id": "aria-text",
      "impact": null,
      "tags": [
        "cat.aria",
        "best-practice"
      ],
      "description": "Ensure role=\"text\" is used on elements with no focusable descendants",
      "help": "\"role=text\" should have no focusable descendants",
      "helpUrl": "https://dequeuniversity.com/rules/axe/4.10/aria-text?application=playwright",
      "nodes": []
    },
    {
      "id": "aria-toggle-field-name",
      "impact": null,
      "tags": [
        "cat.aria",
        "wcag2a",
        "wcag412",
        "TTv5",
        "TT5.c",
        "EN-301-549",
        "EN-9.4.1.2",
        "ACT"
      ],
      "description": "Ensure every ARIA toggle field has an accessible name",
      "help": "ARIA toggle fields must have an accessible name",
      "helpUrl": "https://dequeuniversity.com/rules/axe/4.10/aria-toggle-field-name?application=playwright",
      "nodes": []
    },
    {
      "id": "aria-tooltip-name",
      "impact": null,
      "tags": [
        "cat.aria",
        "wcag2a",
        "wcag412",
        "EN-301-549",
        "EN-9.4.1.2"
      ],
      "description": "Ensure every ARIA tooltip node has an accessible name",
      "help": "ARIA tooltip nodes must have an accessible name",
      "helpUrl": "https://dequeuniversity.com/rules/axe/4.10/aria-tooltip-name?application=playwright",
      "nodes": []
    },
    {
      "id": "aria-treeitem-name",
      "impact": null,
      "tags": [
        "cat.aria",
        "best-practice"
      ],
      "description": "Ensure every ARIA treeitem node has an accessible name",
      "help": "ARIA treeitem nodes should have an accessible name",
      "helpUrl": "https://dequeuniversity.com/rules/axe/4.10/aria-treeitem-name?application=playwright",
      "nodes": []
    },
    {
      "id": "aria-valid-attr-value",
      "impact": null,
      "tags": [
        "cat.aria",
        "wcag2a",
        "wcag412",
        "EN-301-549",
        "EN-9.4.1.2"
      ],
      "description": "Ensure all ARIA attributes have valid values",
      "help": "ARIA attributes must conform to valid values",
      "helpUrl": "https://dequeuniversity.com/rules/axe/4.10/aria-valid-attr-value?application=playwright",
      "nodes": []
    },
    {
      "id": "aria-valid-attr",
      "impact": null,
      "tags": [
        "cat.aria",
        "wcag2a",
        "wcag412",
        "EN-301-549",
        "EN-9.4.1.2"
      ],
      "description": "Ensure attributes that begin with aria- are valid ARIA attributes",
      "help": "ARIA attributes must conform to valid names",
      "helpUrl": "https://dequeuniversity.com/rules/axe/4.10/aria-valid-attr?application=playwright",
      "nodes": []
    },
    {
      "id": "autocomplete-valid",
      "impact": null,
      "tags": [
        "cat.forms",
        "wcag21aa",
        "wcag135",
        "EN-301-549",
        "EN-9.1.3.5",
        "ACT"
      ],
      "description": "Ensure the autocomplete attribute is correct and suitable for the form field",
      "help": "autocomplete attribute must be used correctly",
      "helpUrl": "https://dequeuniversity.com/rules/axe/4.10/autocomplete-valid?application=playwright",
      "nodes": []
    },
    {
      "id": "avoid-inline-spacing",
      "impact": null,
      "tags": [
        "cat.structure",
        "wcag21aa",
        "wcag1412",
        "EN-301-549",
        "EN-9.1.4.12",
        "ACT"
      ],
      "description": "Ensure that text spacing set through style attributes can be adjusted with custom stylesheets",
      "help": "Inline text spacing must be adjustable with custom stylesheets",
      "helpUrl": "https://dequeuniversity.com/rules/axe/4.10/avoid-inline-spacing?application=playwright",
      "nodes": []
    },
    {
      "id": "blink",
      "impact": null,
      "tags": [
        "cat.time-and-media",
        "wcag2a",
        "wcag222",
        "section508",
        "section508.22.j",
        "TTv5",
        "TT2.b",
        "EN-301-549",
        "EN-9.2.2.2"
      ],
      "description": "Ensure <blink> elements are not used",
      "help": "<blink> elements are deprecated and must not be used",
      "helpUrl": "https://dequeuniversity.com/rules/axe/4.10/blink?application=playwright",
      "nodes": []
    },
    {
      "id": "button-name",
      "impact": null,
      "tags": [
        "cat.name-role-value",
        "wcag2a",
        "wcag412",
        "section508",
        "section508.22.a",
        "TTv5",
        "TT6.a",
        "EN-301-549",
        "EN-9.4.1.2",
        "ACT"
      ],
      "description": "Ensure buttons have discernible text",
      "help": "Buttons must have discernible text",
      "helpUrl": "https://dequeuniversity.com/rules/axe/4.10/button-name?application=playwright",
      "nodes": []
    },
    {
      "id": "definition-list",
      "impact": null,
      "tags": [
        "cat.structure",
        "wcag2a",
        "wcag131",
        "EN-301-549",
        "EN-9.1.3.1"
      ],
      "description": "Ensure <dl> elements are structured correctly",
      "help": "<dl> elements must only directly contain properly-ordered <dt> and <dd> groups, <script>, <template> or <div> elements",
      "helpUrl": "https://dequeuniversity.com/rules/axe/4.10/definition-list?application=playwright",
      "nodes": []
    },
    {
      "id": "dlitem",
      "impact": null,
      "tags": [
        "cat.structure",
        "wcag2a",
        "wcag131",
        "EN-301-549",
        "EN-9.1.3.1"
      ],
      "description": "Ensure <dt> and <dd> elements are contained by a <dl>",
      "help": "<dt> and <dd> elements must be contained by a <dl>",
      "helpUrl": "https://dequeuniversity.com/rules/axe/4.10/dlitem?application=playwright",
      "nodes": []
    },
    {
      "id": "duplicate-id-aria",
      "impact": null,
      "tags": [
        "cat.parsing",
        "wcag2a",
        "wcag412",
        "EN-301-549",
        "EN-9.4.1.2"
      ],
      "description": "Ensure every id attribute value used in ARIA and in labels is unique",
      "help": "IDs used in ARIA and labels must be unique",
      "helpUrl": "https://dequeuniversity.com/rules/axe/4.10/duplicate-id-aria?application=playwright",
      "nodes": []
    },
    {
      "id": "empty-table-header",
      "impact": null,
      "tags": [
        "cat.name-role-value",
        "best-practice"
      ],
      "description": "Ensure table headers have discernible text",
      "help": "Table header text should not be empty",
      "helpUrl": "https://dequeuniversity.com/rules/axe/4.10/empty-table-header?application=playwright",
      "nodes": []
    },
    {
      "id": "form-field-multiple-labels",
      "impact": null,
      "tags": [
        "cat.forms",
        "wcag2a",
        "wcag332",
        "TTv5",
        "TT5.c",
        "EN-301-549",
        "EN-9.3.3.2"
      ],
      "description": "Ensure form field does not have multiple label elements",
      "help": "Form field must not have multiple label elements",
      "helpUrl": "https://dequeuniversity.com/rules/axe/4.10/form-field-multiple-labels?application=playwright",
      "nodes": []
    },
    {
      "id": "frame-focusable-content",
      "impact": null,
      "tags": [
        "cat.keyboard",
        "wcag2a",
        "wcag211",
        "TTv5",
        "TT4.a",
        "EN-301-549",
        "EN-9.2.1.1"
      ],
      "description": "Ensure <frame> and <iframe> elements with focusable content do not have tabindex=-1",
      "help": "Frames with focusable content must not have tabindex=-1",
      "helpUrl": "https://dequeuniversity.com/rules/axe/4.10/frame-focusable-content?application=playwright",
      "nodes": []
    },
    {
      "id": "frame-tested",
      "impact": null,
      "tags": [
        "cat.structure",
        "best-practice",
        "review-item"
      ],
      "description": "Ensure <iframe> and <frame> elements contain the axe-core script",
      "help": "Frames should be tested with axe-core",
      "helpUrl": "https://dequeuniversity.com/rules/axe/4.10/frame-tested?application=playwright",
      "nodes": []
    },
    {
      "id": "frame-title-unique",
      "impact": null,
      "tags": [
        "cat.text-alternatives",
        "wcag2a",
        "wcag412",
        "TTv5",
        "TT12.d",
        "EN-301-549",
        "EN-9.4.1.2"
      ],
      "description": "Ensure <iframe> and <frame> elements contain a unique title attribute",
      "help": "Frames must have a unique title attribute",
      "helpUrl": "https://dequeuniversity.com/rules/axe/4.10/frame-title-unique?application=playwright",
      "nodes": []
    },
    {
      "id": "frame-title",
      "impact": null,
      "tags": [
        "cat.text-alternatives",
        "wcag2a",
        "wcag412",
        "section508",
        "section508.22.i",
        "TTv5",
        "TT12.d",
        "EN-301-549",
        "EN-9.4.1.2"
      ],
      "description": "Ensure <iframe> and <frame> elements have an accessible name",
      "help": "Frames must have an accessible name",
      "helpUrl": "https://dequeuniversity.com/rules/axe/4.10/frame-title?application=playwright",
      "nodes": []
    },
    {
      "id": "html-lang-valid",
      "impact": null,
      "tags": [
        "cat.language",
        "wcag2a",
        "wcag311",
        "TTv5",
        "TT11.a",
        "EN-301-549",
        "EN-9.3.1.1",
        "ACT"
      ],
      "description": "Ensure the lang attribute of the <html> element has a valid value",
      "help": "<html> element must have a valid value for the lang attribute",
      "helpUrl": "https://dequeuniversity.com/rules/axe/4.10/html-lang-valid?application=playwright",
      "nodes": []
    },
    {
      "id": "html-xml-lang-mismatch",
      "impact": null,
      "tags": [
        "cat.language",
        "wcag2a",
        "wcag311",
        "EN-301-549",
        "EN-9.3.1.1",
        "ACT"
      ],
      "description": "Ensure that HTML elements with both valid lang and xml:lang attributes agree on the base language of the page",
      "help": "HTML elements with lang and xml:lang must have the same base language",
      "helpUrl": "https://dequeuniversity.com/rules/axe/4.10/html-xml-lang-mismatch?application=playwright",
      "nodes": []
    },
    {
      "id": "image-alt",
      "impact": null,
      "tags": [
        "cat.text-alternatives",
        "wcag2a",
        "wcag111",
        "section508",
        "section508.22.a",
        "TTv5",
        "TT7.a",
        "TT7.b",
        "EN-301-549",
        "EN-9.1.1.1",
        "ACT"
      ],
      "description": "Ensure <img> elements have alternative text or a role of none or presentation",
      "help": "Images must have alternative text",
      "helpUrl": "https://dequeuniversity.com/rules/axe/4.10/image-alt?application=playwright",
      "nodes": []
    },
    {
      "id": "image-redundant-alt",
      "impact": null,
      "tags": [
        "cat.text-alternatives",
        "best-practice"
      ],
      "description": "Ensure image alternative is not repeated as text",
      "help": "Alternative text of images should not be repeated as text",
      "helpUrl": "https://dequeuniversity.com/rules/axe/4.10/image-redundant-alt?application=playwright",
      "nodes": []
    },
    {
      "id": "input-button-name",
      "impact": null,
      "tags": [
        "cat.name-role-value",
        "wcag2a",
        "wcag412",
        "section508",
        "section508.22.a",
        "TTv5",
        "TT5.c",
        "EN-301-549",
        "EN-9.4.1.2",
        "ACT"
      ],
      "description": "Ensure input buttons have discernible text",
      "help": "Input buttons must have discernible text",
      "helpUrl": "https://dequeuniversity.com/rules/axe/4.10/input-button-name?application=playwright",
      "nodes": []
    },
    {
      "id": "input-image-alt",
      "impact": null,
      "tags": [
        "cat.text-alternatives",
        "wcag2a",
        "wcag111",
        "wcag412",
        "section508",
        "section508.22.a",
        "TTv5",
        "TT7.a",
        "EN-301-549",
        "EN-9.1.1.1",
        "EN-9.4.1.2",
        "ACT"
      ],
      "description": "Ensure <input type=\"image\"> elements have alternative text",
      "help": "Image buttons must have alternative text",
      "helpUrl": "https://dequeuniversity.com/rules/axe/4.10/input-image-alt?application=playwright",
      "nodes": []
    },
    {
      "id": "label-title-only",
      "impact": null,
      "tags": [
        "cat.forms",
        "best-practice"
      ],
      "description": "Ensure that every form element has a visible label and is not solely labeled using hidden labels, or the title or aria-describedby attributes",
      "help": "Form elements should have a visible label",
      "helpUrl": "https://dequeuniversity.com/rules/axe/4.10/label-title-only?application=playwright",
      "nodes": []
    },
    {
      "id": "label",
      "impact": null,
      "tags": [
        "cat.forms",
        "wcag2a",
        "wcag412",
        "section508",
        "section508.22.n",
        "TTv5",
        "TT5.c",
        "EN-301-549",
        "EN-9.4.1.2",
        "ACT"
      ],
      "description": "Ensure every form element has a label",
      "help": "Form elements must have labels",
      "helpUrl": "https://dequeuniversity.com/rules/axe/4.10/label?application=playwright",
      "nodes": []
    },
    {
      "id": "landmark-banner-is-top-level",
      "impact": null,
      "tags": [
        "cat.semantics",
        "best-practice"
      ],
      "description": "Ensure the banner landmark is at top level",
      "help": "Banner landmark should not be contained in another landmark",
      "helpUrl": "https://dequeuniversity.com/rules/axe/4.10/landmark-banner-is-top-level?application=playwright",
      "nodes": []
    },
    {
      "id": "landmark-complementary-is-top-level",
      "impact": null,
      "tags": [
        "cat.semantics",
        "best-practice"
      ],
      "description": "Ensure the complementary landmark or aside is at top level",
      "help": "Aside should not be contained in another landmark",
      "helpUrl": "https://dequeuniversity.com/rules/axe/4.10/landmark-complementary-is-top-level?application=playwright",
      "nodes": []
    },
    {
      "id": "landmark-contentinfo-is-top-level",
      "impact": null,
      "tags": [
        "cat.semantics",
        "best-practice"
      ],
      "description": "Ensure the contentinfo landmark is at top level",
      "help": "Contentinfo landmark should not be contained in another landmark",
      "helpUrl": "https://dequeuniversity.com/rules/axe/4.10/landmark-contentinfo-is-top-level?application=playwright",
      "nodes": []
    },
    {
      "id": "landmark-main-is-top-level",
      "impact": null,
      "tags": [
        "cat.semantics",
        "best-practice"
      ],
      "description": "Ensure the main landmark is at top level",
      "help": "Main landmark should not be contained in another landmark",
      "helpUrl": "https://dequeuniversity.com/rules/axe/4.10/landmark-main-is-top-level?application=playwright",
      "nodes": []
    },
    {
      "id": "landmark-no-duplicate-banner",
      "impact": null,
      "tags": [
        "cat.semantics",
        "best-practice"
      ],
      "description": "Ensure the document has at most one banner landmark",
      "help": "Document should not have more than one banner landmark",
      "helpUrl": "https://dequeuniversity.com/rules/axe/4.10/landmark-no-duplicate-banner?application=playwright",
      "nodes": []
    },
    {
      "id": "landmark-no-duplicate-contentinfo",
      "impact": null,
      "tags": [
        "cat.semantics",
        "best-practice"
      ],
      "description": "Ensure the document has at most one contentinfo landmark",
      "help": "Document should not have more than one contentinfo landmark",
      "helpUrl": "https://dequeuniversity.com/rules/axe/4.10/landmark-no-duplicate-contentinfo?application=playwright",
      "nodes": []
    },
    {
      "id": "landmark-no-duplicate-main",
      "impact": null,
      "tags": [
        "cat.semantics",
        "best-practice"
      ],
      "description": "Ensure the document has at most one main landmark",
      "help": "Document should not have more than one main landmark",
      "helpUrl": "https://dequeuniversity.com/rules/axe/4.10/landmark-no-duplicate-main?application=playwright",
      "nodes": []
    },
    {
      "id": "landmark-unique",
      "impact": null,
      "tags": [
        "cat.semantics",
        "best-practice"
      ],
      "description": "Ensure landmarks are unique",
      "help": "Landmarks should have a unique role or role/label/title (i.e. accessible name) combination",
      "helpUrl": "https://dequeuniversity.com/rules/axe/4.10/landmark-unique?application=playwright",
      "nodes": []
    },
    {
      "id": "link-in-text-block",
      "impact": null,
      "tags": [
        "cat.color",
        "wcag2a",
        "wcag141",
        "TTv5",
        "TT13.a",
        "EN-301-549",
        "EN-9.1.4.1"
      ],
      "description": "Ensure links are distinguished from surrounding text in a way that does not rely on color",
      "help": "Links must be distinguishable without relying on color",
      "helpUrl": "https://dequeuniversity.com/rules/axe/4.10/link-in-text-block?application=playwright",
      "nodes": []
    },
    {
      "id": "list",
      "impact": null,
      "tags": [
        "cat.structure",
        "wcag2a",
        "wcag131",
        "EN-301-549",
        "EN-9.1.3.1"
      ],
      "description": "Ensure that lists are structured correctly",
      "help": "<ul> and <ol> must only directly contain <li>, <script> or <template> elements",
      "helpUrl": "https://dequeuniversity.com/rules/axe/4.10/list?application=playwright",
      "nodes": []
    },
    {
      "id": "listitem",
      "impact": null,
      "tags": [
        "cat.structure",
        "wcag2a",
        "wcag131",
        "EN-301-549",
        "EN-9.1.3.1"
      ],
      "description": "Ensure <li> elements are used semantically",
      "help": "<li> elements must be contained in a <ul> or <ol>",
      "helpUrl": "https://dequeuniversity.com/rules/axe/4.10/listitem?application=playwright",
      "nodes": []
    },
    {
      "id": "marquee",
      "impact": null,
      "tags": [
        "cat.parsing",
        "wcag2a",
        "wcag222",
        "TTv5",
        "TT2.b",
        "EN-301-549",
        "EN-9.2.2.2"
      ],
      "description": "Ensure <marquee> elements are not used",
      "help": "<marquee> elements are deprecated and must not be used",
      "helpUrl": "https://dequeuniversity.com/rules/axe/4.10/marquee?application=playwright",
      "nodes": []
    },
    {
      "id": "meta-refresh",
      "impact": null,
      "tags": [
        "cat.time-and-media",
        "wcag2a",
        "wcag221",
        "TTv5",
        "TT8.a",
        "EN-301-549",
        "EN-9.2.2.1"
      ],
      "description": "Ensure <meta http-equiv=\"refresh\"> is not used for delayed refresh",
      "help": "Delayed refresh under 20 hours must not be used",
      "helpUrl": "https://dequeuniversity.com/rules/axe/4.10/meta-refresh?application=playwright",
      "nodes": []
    },
    {
      "id": "nested-interactive",
      "impact": null,
      "tags": [
        "cat.keyboard",
        "wcag2a",
        "wcag412",
        "TTv5",
        "TT6.a",
        "EN-301-549",
        "EN-9.4.1.2"
      ],
      "description": "Ensure interactive controls are not nested as they are not always announced by screen readers or can cause focus problems for assistive technologies",
      "help": "Interactive controls must not be nested",
      "helpUrl": "https://dequeuniversity.com/rules/axe/4.10/nested-interactive?application=playwright",
      "nodes": []
    },
    {
      "id": "object-alt",
      "impact": null,
      "tags": [
        "cat.text-alternatives",
        "wcag2a",
        "wcag111",
        "section508",
        "section508.22.a",
        "EN-301-549",
        "EN-9.1.1.1"
      ],
      "description": "Ensure <object> elements have alternative text",
      "help": "<object> elements must have alternative text",
      "helpUrl": "https://dequeuniversity.com/rules/axe/4.10/object-alt?application=playwright",
      "nodes": []
    },
    {
      "id": "presentation-role-conflict",
      "impact": null,
      "tags": [
        "cat.aria",
        "best-practice",
        "ACT"
      ],
      "description": "Elements marked as presentational should not have global ARIA or tabindex to ensure all screen readers ignore them",
      "help": "Ensure elements marked as presentational are consistently ignored",
      "helpUrl": "https://dequeuniversity.com/rules/axe/4.10/presentation-role-conflict?application=playwright",
      "nodes": []
    },
    {
      "id": "role-img-alt",
      "impact": null,
      "tags": [
        "cat.text-alternatives",
        "wcag2a",
        "wcag111",
        "section508",
        "section508.22.a",
        "TTv5",
        "TT7.a",
        "EN-301-549",
        "EN-9.1.1.1",
        "ACT"
      ],
      "description": "Ensure [role=\"img\"] elements have alternative text",
      "help": "[role=\"img\"] elements must have an alternative text",
      "helpUrl": "https://dequeuniversity.com/rules/axe/4.10/role-img-alt?application=playwright",
      "nodes": []
    },
    {
      "id": "scope-attr-valid",
      "impact": null,
      "tags": [
        "cat.tables",
        "best-practice"
      ],
      "description": "Ensure the scope attribute is used correctly on tables",
      "help": "scope attribute should be used correctly",
      "helpUrl": "https://dequeuniversity.com/rules/axe/4.10/scope-attr-valid?application=playwright",
      "nodes": []
    },
    {
      "id": "scrollable-region-focusable",
      "impact": null,
      "tags": [
        "cat.keyboard",
        "wcag2a",
        "wcag211",
        "wcag213",
        "TTv5",
        "TT4.a",
        "EN-301-549",
        "EN-9.2.1.1",
        "EN-9.2.1.3"
      ],
      "description": "Ensure elements that have scrollable content are accessible by keyboard",
      "help": "Scrollable region must have keyboard access",
      "helpUrl": "https://dequeuniversity.com/rules/axe/4.10/scrollable-region-focusable?application=playwright",
      "nodes": []
    },
    {
      "id": "select-name",
      "impact": null,
      "tags": [
        "cat.forms",
        "wcag2a",
        "wcag412",
        "section508",
        "section508.22.n",
        "TTv5",
        "TT5.c",
        "EN-301-549",
        "EN-9.4.1.2",
        "ACT"
      ],
      "description": "Ensure select element has an accessible name",
      "help": "Select element must have an accessible name",
      "helpUrl": "https://dequeuniversity.com/rules/axe/4.10/select-name?application=playwright",
      "nodes": []
    },
    {
      "id": "server-side-image-map",
      "impact": null,
      "tags": [
        "cat.text-alternatives",
        "wcag2a",
        "wcag211",
        "section508",
        "section508.22.f",
        "TTv5",
        "TT4.a",
        "EN-301-549",
        "EN-9.2.1.1"
      ],
      "description": "Ensure that server-side image maps are not used",
      "help": "Server-side image maps must not be used",
      "helpUrl": "https://dequeuniversity.com/rules/axe/4.10/server-side-image-map?application=playwright",
      "nodes": []
    },
    {
      "id": "skip-link",
      "impact": null,
      "tags": [
        "cat.keyboard",
        "best-practice"
      ],
      "description": "Ensure all skip links have a focusable target",
      "help": "The skip-link target should exist and be focusable",
      "helpUrl": "https://dequeuniversity.com/rules/axe/4.10/skip-link?application=playwright",
      "nodes": []
    },
    {
      "id": "summary-name",
      "impact": null,
      "tags": [
        "cat.name-role-value",
        "wcag2a",
        "wcag412",
        "section508",
        "section508.22.a",
        "TTv5",
        "TT6.a",
        "EN-301-549",
        "EN-9.4.1.2"
      ],
      "description": "Ensure summary elements have discernible text",
      "help": "Summary elements must have discernible text",
      "helpUrl": "https://dequeuniversity.com/rules/axe/4.10/summary-name?application=playwright",
      "nodes": []
    },
    {
      "id": "svg-img-alt",
      "impact": null,
      "tags": [
        "cat.text-alternatives",
        "wcag2a",
        "wcag111",
        "section508",
        "section508.22.a",
        "TTv5",
        "TT7.a",
        "EN-301-549",
        "EN-9.1.1.1",
        "ACT"
      ],
      "description": "Ensure <svg> elements with an img, graphics-document or graphics-symbol role have an accessible text",
      "help": "<svg> elements with an img role must have an alternative text",
      "helpUrl": "https://dequeuniversity.com/rules/axe/4.10/svg-img-alt?application=playwright",
      "nodes": []
    },
    {
      "id": "tabindex",
      "impact": null,
      "tags": [
        "cat.keyboard",
        "best-practice"
      ],
      "description": "Ensure tabindex attribute values are not greater than 0",
      "help": "Elements should not have tabindex greater than zero",
      "helpUrl": "https://dequeuniversity.com/rules/axe/4.10/tabindex?application=playwright",
      "nodes": []
    },
    {
      "id": "table-duplicate-name",
      "impact": null,
      "tags": [
        "cat.tables",
        "best-practice"
      ],
      "description": "Ensure the <caption> element does not contain the same text as the summary attribute",
      "help": "Tables should not have the same summary and caption",
      "helpUrl": "https://dequeuniversity.com/rules/axe/4.10/table-duplicate-name?application=playwright",
      "nodes": []
    },
    {
      "id": "td-headers-attr",
      "impact": null,
      "tags": [
        "cat.tables",
        "wcag2a",
        "wcag131",
        "section508",
        "section508.22.g",
        "TTv5",
        "TT14.b",
        "EN-301-549",
        "EN-9.1.3.1"
      ],
      "description": "Ensure that each cell in a table that uses the headers attribute refers only to other cells in that table",
      "help": "Table cells that use the headers attribute must only refer to cells in the same table",
      "helpUrl": "https://dequeuniversity.com/rules/axe/4.10/td-headers-attr?application=playwright",
      "nodes": []
    },
    {
      "id": "th-has-data-cells",
      "impact": null,
      "tags": [
        "cat.tables",
        "wcag2a",
        "wcag131",
        "section508",
        "section508.22.g",
        "TTv5",
        "TT14.b",
        "EN-301-549",
        "EN-9.1.3.1"
      ],
      "description": "Ensure that <th> elements and elements with role=columnheader/rowheader have data cells they describe",
      "help": "Table headers in a data table must refer to data cells",
      "helpUrl": "https://dequeuniversity.com/rules/axe/4.10/th-has-data-cells?application=playwright",
      "nodes": []
    },
    {
      "id": "valid-lang",
      "impact": null,
      "tags": [
        "cat.language",
        "wcag2aa",
        "wcag312",
        "TTv5",
        "TT11.b",
        "EN-301-549",
        "EN-9.3.1.2",
        "ACT"
      ],
      "description": "Ensure lang attributes have valid values",
      "help": "lang attribute must have a valid value",
      "helpUrl": "https://dequeuniversity.com/rules/axe/4.10/valid-lang?application=playwright",
      "nodes": []
    },
    {
      "id": "video-caption",
      "impact": null,
      "tags": [
        "cat.text-alternatives",
        "wcag2a",
        "wcag122",
        "section508",
        "section508.22.a",
        "TTv5",
        "TT17.a",
        "EN-301-549",
        "EN-9.1.2.2"
      ],
      "description": "Ensure <video> elements have captions",
      "help": "<video> elements must have captions",
      "helpUrl": "https://dequeuniversity.com/rules/axe/4.10/video-caption?application=playwright",
      "nodes": []
    },
    {
      "id": "no-autoplay-audio",
      "impact": null,
      "tags": [
        "cat.time-and-media",
        "wcag2a",
        "wcag142",
        "TTv5",
        "TT2.a",
        "EN-301-549",
        "EN-9.1.4.2",
        "ACT"
      ],
      "description": "Ensure <video> or <audio> elements do not autoplay audio for more than 3 seconds without a control mechanism to stop or mute the audio",
      "help": "<video> or <audio> elements must not play automatically",
      "helpUrl": "https://dequeuniversity.com/rules/axe/4.10/no-autoplay-audio?application=playwright",
      "nodes": []
    }
  ],
  "passes": [
    {
      "id": "aria-hidden-body",
      "impact": null,
      "tags": [
        "cat.aria",
        "wcag2a",
        "wcag131",
        "wcag412",
        "EN-301-549",
        "EN-9.1.3.1",
        "EN-9.4.1.2"
      ],
      "description": "Ensure aria-hidden=\"true\" is not present on the document body.",
      "help": "aria-hidden=\"true\" must not be present on the document body",
      "helpUrl": "https://dequeuniversity.com/rules/axe/4.10/aria-hidden-body?application=playwright",
      "nodes": [
        {
          "any": [
            {
              "id": "aria-hidden-body",
              "data": null,
              "relatedNodes": [],
              "impact": "critical",
              "message": "No aria-hidden attribute is present on document body"
            }
          ],
          "all": [],
          "none": [],
          "impact": null,
          "html": "<body>",
          "target": [
            "body"
          ]
        }
      ]
    },
    {
      "id": "bypass",
      "impact": null,
      "tags": [
        "cat.keyboard",
        "wcag2a",
        "wcag241",
        "section508",
        "section508.22.o",
        "TTv5",
        "TT9.a",
        "EN-301-549",
        "EN-9.2.4.1"
      ],
      "description": "Ensure each page has at least one mechanism for a user to bypass navigation and jump straight to the content",
      "help": "Page must have means to bypass repeated blocks",
      "helpUrl": "https://dequeuniversity.com/rules/axe/4.10/bypass?application=playwright",
      "nodes": [
        {
          "any": [
            {
              "id": "header-present",
              "data": null,
              "relatedNodes": [
                {
                  "html": "<h1>Example Domain</h1>",
                  "target": [
                    "h1"
                  ]
                }
              ],
              "impact": "serious",
              "message": "Page has a heading"
            }
          ],
          "all": [],
          "none": [],
          "impact": null,
          "html": "<html>",
          "target": [
            "html"
          ]
        }
      ]
    },
    {
      "id": "color-contrast",
      "impact": null,
      "tags": [
        "cat.color",
        "wcag2aa",
        "wcag143",
        "TTv5",
        "TT13.c",
        "EN-301-549",
        "EN-9.1.4.3",
        "ACT"
      ],
      "description": "Ensure the contrast between foreground and background colors meets WCAG 2 AA minimum contrast ratio thresholds",
      "help": "Elements must meet minimum color contrast ratio thresholds",
      "helpUrl": "https://dequeuniversity.com/rules/axe/4.10/color-contrast?application=playwright",
      "nodes": [
        {
          "any": [
            {
              "id": "color-contrast",
              "data": {
                "fgColor": "#000000",
                "bgColor": "#fdfdff",
                "contrastRatio": 20.67,
                "fontSize": "24.0pt (32px)",
                "fontWeight": "bold",
                "expectedContrastRatio": "3:1"
              },
              "relatedNodes": [],
              "impact": "serious",
              "message": "Element has sufficient color contrast of 20.67"
            }
          ],
          "all": [],
          "none": [],
          "impact": null,
          "html": "<h1>Example Domain</h1>",
          "target": [
            "h1"
          ]
        },
        {
          "any": [
            {
              "id": "color-contrast",
              "data": {
                "fgColor": "#000000",
                "bgColor": "#fdfdff",
                "contrastRatio": 20.67,
                "fontSize": "12.0pt (16px)",
                "fontWeight": "normal",
                "expectedContrastRatio": "4.5:1"
              },
              "relatedNodes": [],
              "impact": "serious",
              "message": "Element has sufficient color contrast of 20.67"
            }
          ],
          "all": [],
          "none": [],
          "impact": null,
          "html": "<p>This domain is for use in illustrative examples in documents. You may use this\n    domain in literature without prior coordination or asking for permission.</p>",
          "target": [
            "p:nth-child(2)"
          ]
        },
        {
          "any": [
            {
              "id": "color-contrast",
              "data": {
                "fgColor": "#38488f",
                "bgColor": "#fdfdff",
                "contrastRatio": 8.29,
                "fontSize": "12.0pt (16px)",
                "fontWeight": "normal",
                "expectedContrastRatio": "4.5:1"
              },
              "relatedNodes": [],
              "impact": "serious",
              "message": "Element has sufficient color contrast of 8.29"
            }
          ],
          "all": [],
          "none": [],
          "impact": null,
          "html": "<a href=\"https://www.iana.org/domains/example\">More information...</a>",
          "target": [
            "a"
          ]
        }
      ]
    },
    {
      "id": "document-title",
      "impact": null,
      "tags": [
        "cat.text-alternatives",
        "wcag2a",
        "wcag242",
        "TTv5",
        "TT12.a",
        "EN-301-549",
        "EN-9.2.4.2",
        "ACT"
      ],
      "description": "Ensure each HTML document contains a non-empty <title> element",
      "help": "Documents must have <title> element to aid in navigation",
      "helpUrl": "https://dequeuniversity.com/rules/axe/4.10/document-title?application=playwright",
      "nodes": [
        {
          "any": [
            {
              "id": "doc-has-title",
              "data": null,
              "relatedNodes": [],
              "impact": "serious",
              "message": "Document has a non-empty <title> element"
            }
          ],
          "all": [],
          "none": [],
          "impact": null,
          "html": "<html>",
          "target": [
            "html"
          ]
        }
      ]
    },
    {
      "id": "empty-heading",
      "impact": null,
      "tags": [
        "cat.name-role-value",
        "best-practice"
      ],
      "description": "Ensure headings have discernible text",
      "help": "Headings should not be empty",
      "helpUrl": "https://dequeuniversity.com/rules/axe/4.10/empty-heading?application=playwright",
      "nodes": [
        {
          "any": [
            {
              "id": "has-visible-text",
              "data": null,
              "relatedNodes": [],
              "impact": "minor",
              "message": "Element has text that is visible to screen readers"
            }
          ],
          "all": [],
          "none": [],
          "impact": null,
          "html": "<h1>Example Domain</h1>",
          "target": [
            "h1"
          ]
        }
      ]
    },
    {
      "id": "heading-order",
      "impact": null,
      "tags": [
        "cat.semantics",
        "best-practice"
      ],
      "description": "Ensure the order of headings is semantically correct",
      "help": "Heading levels should only increase by one",
      "helpUrl": "https://dequeuniversity.com/rules/axe/4.10/heading-order?application=playwright",
      "nodes": [
        {
          "any": [
            {
              "id": "heading-order",
              "data": {
                "headingOrder": [
                  {
                    "ancestry": [
                      "html > body > div > h1:nth-child(1)"
                    ],
                    "level": 1
                  }
                ]
              },
              "relatedNodes": [],
              "impact": "moderate",
              "message": "Heading order valid"
            }
          ],
          "all": [],
          "none": [],
          "impact": null,
          "html": "<h1>Example Domain</h1>",
          "target": [
            "h1"
          ]
        }
      ]
    },
    {
      "id": "link-name",
      "impact": null,
      "tags": [
        "cat.name-role-value",
        "wcag2a",
        "wcag244",
        "wcag412",
        "section508",
        "section508.22.a",
        "TTv5",
        "TT6.a",
        "EN-301-549",
        "EN-9.2.4.4",
        "EN-9.4.1.2",
        "ACT"
      ],
      "description": "Ensure links have discernible text",
      "help": "Links must have discernible text",
      "helpUrl": "https://dequeuniversity.com/rules/axe/4.10/link-name?application=playwright",
      "nodes": [
        {
          "any": [
            {
              "id": "has-visible-text",
              "data": null,
              "relatedNodes": [],
              "impact": "serious",
              "message": "Element has text that is visible to screen readers"
            }
          ],
          "all": [],
          "none": [
            {
              "id": "focusable-no-name",
              "data": null,
              "relatedNodes": [],
              "impact": "serious",
              "message": "Element is not in tab order or has accessible text"
            }
          ],
          "impact": null,
          "html": "<a href=\"https://www.iana.org/domains/example\">More information...</a>",
          "target": [
            "a"
          ]
        }
      ]
    },
    {
      "id": "meta-viewport-large",
      "impact": null,
      "tags": [
        "cat.sensory-and-visual-cues",
        "best-practice"
      ],
      "description": "Ensure <meta name=\"viewport\"> can scale a significant amount",
      "help": "Users should be able to zoom and scale the text up to 500%",
      "helpUrl": "https://dequeuniversity.com/rules/axe/4.10/meta-viewport-large?application=playwright",
      "nodes": [
        {
          "any": [
            {
              "id": "meta-viewport-large",
              "data": null,
              "relatedNodes": [],
              "impact": "minor",
              "message": "<meta> tag does not prevent significant zooming on mobile devices"
            }
          ],
          "all": [],
          "none": [],
          "impact": null,
          "html": "<meta name=\"viewport\" content=\"width=device-width, initial-scale=1\">",
          "target": [
            "meta[name=\"viewport\"]"
          ]
        }
      ]
    },
    {
      "id": "meta-viewport",
      "impact": null,
      "tags": [
        "cat.sensory-and-visual-cues",
        "wcag2aa",
        "wcag144",
        "EN-301-549",
        "EN-9.1.4.4",
        "ACT"
      ],
      "description": "Ensure <meta name=\"viewport\"> does not disable text scaling and zooming",
      "help": "Zooming and scaling must not be disabled",
      "helpUrl": "https://dequeuniversity.com/rules/axe/4.10/meta-viewport?application=playwright",
      "nodes": [
        {
          "any": [
            {
              "id": "meta-viewport",
              "data": null,
              "relatedNodes": [],
              "impact": "critical",
              "message": "<meta> tag does not disable zooming on mobile devices"
            }
          ],
          "all": [],
          "none": [],
          "impact": null,
          "html": "<meta name=\"viewport\" content=\"width=device-width, initial-scale=1\">",
          "target": [
            "meta[name=\"viewport\"]"
          ]
        }
      ]
    },
    {
      "id": "page-has-heading-one",
      "impact": null,
      "tags": [
        "cat.semantics",
        "best-practice"
      ],
      "description": "Ensure that the page, or at least one of its frames contains a level-one heading",
      "help": "Page should contain a level-one heading",
      "helpUrl": "https://dequeuniversity.com/rules/axe/4.10/page-has-heading-one?application=playwright",
      "nodes": [
        {
          "any": [],
          "all": [
            {
              "id": "page-has-heading-one",
              "data": null,
              "relatedNodes": [
                {
                  "html": "<h1>Example Domain</h1>",
                  "target": [
                    "h1"
                  ]
                }
              ],
              "impact": "moderate",
              "message": "Page has at least one level-one heading"
            }
          ],
          "none": [],
          "impact": null,
          "html": "<html>",
          "target": [
            "html"
          ]
        }
      ]
    },
    {
      "id": "region",
      "impact": "moderate",
      "tags": [
        "cat.keyboard",
        "best-practice"
      ],
      "description": "Ensure all page content is contained by landmarks",
      "help": "All page content should be contained by landmarks",
      "helpUrl": "https://dequeuniversity.com/rules/axe/4.10/region?application=playwright",
      "nodes": [
        {
          "any": [
            {
              "id": "region",
              "data": {
                "isIframe": false
              },
              "relatedNodes": [],
              "impact": "moderate",
              "message": "All page content is contained by landmarks"
            }
          ],
          "all": [],
          "none": [],
          "impact": null,
          "html": "<h1>Example Domain</h1>",
          "target": [
            "h1"
          ]
        },
        {
          "any": [
            {
              "id": "region",
              "data": {
                "isIframe": false
              },
              "relatedNodes": [],
              "impact": "moderate",
              "message": "All page content is contained by landmarks"
            }
          ],
          "all": [],
          "none": [],
          "impact": null,
          "html": "<p>This domain is for use in illustrative examples in documents. You may use this\n    domain in literature without prior coordination or asking for permission.</p>",
          "target": [
            "p:nth-child(2)"
          ]
        },
        {
          "any": [
            {
              "id": "region",
              "data": {
                "isIframe": false
              },
              "relatedNodes": [],
              "impact": "moderate",
              "message": "All page content is contained by landmarks"
            }
          ],
          "all": [],
          "none": [],
          "impact": null,
          "html": "<p><a href=\"https://www.iana.org/domains/example\">More information...</a></p>",
          "target": [
            "p:nth-child(3)"
          ]
        },
        {
          "any": [
            {
              "id": "region",
              "data": {
                "isIframe": false
              },
              "relatedNodes": [],
              "impact": "moderate",
              "message": "All page content is contained by landmarks"
            }
          ],
          "all": [],
          "none": [],
          "impact": null,
          "html": "<a href=\"https://www.iana.org/domains/example\">More information...</a>",
          "target": [
            "a"
          ]
        }
      ]
    }
  ],
  "incomplete": [],
  "violations": [
    {
      "id": "html-has-lang",
      "impact": "serious",
      "tags": [
        "cat.language",
        "wcag2a",
        "wcag311",
        "TTv5",
        "TT11.a",
        "EN-301-549",
        "EN-9.3.1.1",
        "ACT"
      ],
      "description": "Ensure every HTML document has a lang attribute",
      "help": "<html> element must have a lang attribute",
      "helpUrl": "https://dequeuniversity.com/rules/axe/4.10/html-has-lang?application=playwright",
      "nodes": [
        {
          "any": [
            {
              "id": "has-lang",
              "data": {
                "messageKey": "noLang"
              },
              "relatedNodes": [],
              "impact": "serious",
              "message": "The <html> element does not have a lang attribute"
            }
          ],
          "all": [],
          "none": [],
          "impact": "serious",
          "html": "<html>",
          "target": [
            "html"
          ],
          "failureSummary": "Fix any of the following:\n  The <html> element does not have a lang attribute"
        }
      ]
    },
    {
      "id": "landmark-one-main",
      "impact": "moderate",
      "tags": [
        "cat.semantics",
        "best-practice"
      ],
      "description": "Ensure the document has a main landmark",
      "help": "Document should have one main landmark",
      "helpUrl": "https://dequeuniversity.com/rules/axe/4.10/landmark-one-main?application=playwright",
      "nodes": [
        {
          "any": [],
          "all": [
            {
              "id": "page-has-main",
              "data": null,
              "relatedNodes": [],
              "impact": "moderate",
              "message": "Document does not have a main landmark"
            }
          ],
          "none": [],
          "impact": "moderate",
          "html": "<html>",
          "target": [
            "html"
          ],
          "failureSummary": "Fix all of the following:\n  Document does not have a main landmark"
        }
      ]
    },
    {
      "id": "region",
      "impact": "moderate",
      "tags": [
        "cat.keyboard",
        "best-practice"
      ],
      "description": "Ensure all page content is contained by landmarks",
      "help": "All page content should be contained by landmarks",
      "helpUrl": "https://dequeuniversity.com/rules/axe/4.10/region?application=playwright",
      "nodes": [
        {
          "any": [
            {
              "id": "region",
              "data": {
                "isIframe": false
              },
              "relatedNodes": [],
              "impact": "moderate",
              "message": "Some page content is not contained by landmarks"
            }
          ],
          "all": [],
          "none": [],
          "impact": "moderate",
          "html": "<div>\n    <h1>Example Domain</h1>\n    <p>This domain is for use in illustrative examples in documents. You may use this\n    domain in literature without prior coordination or asking for permission.</p>\n    <p><a href=\"https://www.iana.org/domains/example\">More information...</a></p>\n</div>",
          "target": [
            "div"
          ],
          "failureSummary": "Fix any of the following:\n  Some page content is not contained by landmarks"
        }
      ]
    }
  ]
}
]]>
</system-out>
</testcase>
<testcase name="ibm › ibm" classname="index.spec.js" time="2.249">
<system-out>
<![CDATA[ibm results:
{
  "report": {
    "results": [
      {
        "ruleId": "html_lang_exists",
        "value": [
          "VIOLATION",
          "FAIL"
        ],
        "path": {
          "dom": "/html[1]",
          "aria": "/document[1]"
        },
        "ruleTime": 1,
        "reasonId": "Fail_3",
        "message": "Page detected as HTML, but does not have a 'lang' attribute",
        "messageArgs": [],
        "apiArgs": [],
        "bounds": {
          "left": 0,
          "top": 0,
          "height": 782,
          "width": 2560
        },
        "snippet": "<html>",
        "category": "Accessibility",
        "level": "violation",
        "ignored": false,
        "help": "https://able.ibm.com/rules/archives/2025.02.10/doc/en-US/html_lang_exists.html#%7B%22message%22%3A%22Page%20detected%20as%20HTML%2C%20but%20does%20not%20have%20a%20'lang'%20attribute%22%2C%22snippet%22%3A%22%3Chtml%3E%22%2C%22value%22%3A%5B%22VIOLATION%22%2C%22FAIL%22%5D%2C%22reasonId%22%3A%22Fail_3%22%2C%22ruleId%22%3A%22html_lang_exists%22%2C%22msgArgs%22%3A%5B%5D%7D"
      },
      {
        "ruleId": "style_color_misuse",
        "value": [
          "VIOLATION",
          "POTENTIAL"
        ],
        "path": {
          "dom": "/html[1]/head[1]/style[1]",
          "aria": "/document[1]"
        },
        "ruleTime": 0,
        "reasonId": "Potential_1",
        "message": "Verify color is not used as the only visual means of conveying information",
        "messageArgs": [],
        "apiArgs": [],
        "bounds": {
          "left": 0,
          "top": 0,
          "height": 0,
          "width": 0
        },
        "snippet": "<style type=\"text/css\">",
        "category": "Accessibility",
        "level": "potentialviolation",
        "ignored": false,
        "help": "https://able.ibm.com/rules/archives/2025.02.10/doc/en-US/style_color_misuse.html#%7B%22message%22%3A%22Verify%20color%20is%20not%20used%20as%20the%20only%20visual%20means%20of%20conveying%20information%22%2C%22snippet%22%3A%22%3Cstyle%20type%3D%5C%22text%2Fcss%5C%22%3E%22%2C%22value%22%3A%5B%22VIOLATION%22%2C%22POTENTIAL%22%5D%2C%22reasonId%22%3A%22Potential_1%22%2C%22ruleId%22%3A%22style_color_misuse%22%2C%22msgArgs%22%3A%5B%5D%7D"
      },
      {
        "ruleId": "skip_main_exists",
        "value": [
          "VIOLATION",
          "FAIL"
        ],
        "path": {
          "dom": "/html[1]/body[1]",
          "aria": "/document[1]"
        },
        "ruleTime": 1,
        "reasonId": "Fail_1",
        "message": "The page does not provide a way to quickly navigate to the main content (ARIA \"main\" landmark or a skip link)",
        "messageArgs": [],
        "apiArgs": [],
        "bounds": {
          "left": 0,
          "top": 160,
          "height": 462,
          "width": 2560
        },
        "snippet": "<body>",
        "category": "Accessibility",
        "level": "violation",
        "ignored": false,
        "help": "https://able.ibm.com/rules/archives/2025.02.10/doc/en-US/skip_main_exists.html#%7B%22message%22%3A%22The%20page%20does%20not%20provide%20a%20way%20to%20quickly%20navigate%20to%20the%20main%20content%20(ARIA%20%5C%22main%5C%22%20landmark%20or%20a%20skip%20link)%22%2C%22snippet%22%3A%22%3Cbody%3E%22%2C%22value%22%3A%5B%22VIOLATION%22%2C%22FAIL%22%5D%2C%22reasonId%22%3A%22Fail_1%22%2C%22ruleId%22%3A%22skip_main_exists%22%2C%22msgArgs%22%3A%5B%5D%7D"
      },
      {
        "ruleId": "aria_content_in_landmark",
        "value": [
          "VIOLATION",
          "FAIL"
        ],
        "path": {
          "dom": "/html[1]/body[1]/div[1]/h1[1]",
          "aria": "/document[1]/heading[1]"
        },
        "ruleTime": 0,
        "reasonId": "Fail_1",
        "message": "Content is not within a landmark element",
        "messageArgs": [],
        "apiArgs": [],
        "bounds": {
          "left": 680,
          "top": 267,
          "height": 76,
          "width": 1200
        },
        "snippet": "<h1>",
        "category": "Accessibility",
        "level": "violation",
        "ignored": false,
        "help": "https://able.ibm.com/rules/archives/2025.02.10/doc/en-US/aria_content_in_landmark.html#%7B%22message%22%3A%22Content%20is%20not%20within%20a%20landmark%20element%22%2C%22snippet%22%3A%22%3Ch1%3E%22%2C%22value%22%3A%5B%22VIOLATION%22%2C%22FAIL%22%5D%2C%22reasonId%22%3A%22Fail_1%22%2C%22ruleId%22%3A%22aria_content_in_landmark%22%2C%22msgArgs%22%3A%5B%5D%7D"
      },
      {
        "ruleId": "aria_content_in_landmark",
        "value": [
          "VIOLATION",
          "FAIL"
        ],
        "path": {
          "dom": "/html[1]/body[1]/div[1]/p[2]/a[1]",
          "aria": "/document[1]/paragraph[2]/link[1]"
        },
        "ruleTime": 0,
        "reasonId": "Fail_1",
        "message": "Content is not within a landmark element",
        "messageArgs": [],
        "apiArgs": [],
        "bounds": {
          "left": 680,
          "top": 490,
          "height": 36,
          "width": 274
        },
        "snippet": "<a href=\"https://www.iana.org/domains/example\">",
        "category": "Accessibility",
        "level": "violation",
        "ignored": false,
        "help": "https://able.ibm.com/rules/archives/2025.02.10/doc/en-US/aria_content_in_landmark.html#%7B%22message%22%3A%22Content%20is%20not%20within%20a%20landmark%20element%22%2C%22snippet%22%3A%22%3Ca%20href%3D%5C%22https%3A%2F%2Fwww.iana.org%2Fdomains%2Fexample%5C%22%3E%22%2C%22value%22%3A%5B%22VIOLATION%22%2C%22FAIL%22%5D%2C%22reasonId%22%3A%22Fail_1%22%2C%22ruleId%22%3A%22aria_content_in_landmark%22%2C%22msgArgs%22%3A%5B%5D%7D"
      }
    ],
    "numExecuted": 51,
    "ruleTime": 3,
    "nls": {
      "html_lang_exists": {
        "0": "Page must identify the default language of the document with a 'lang' attribute",
        "Fail_3": "Page detected as HTML, but does not have a 'lang' attribute"
      },
      "aria_content_in_landmark": {
        "0": "All content must reside within an element with a landmark role",
        "Fail_1": "Content is not within a landmark element"
      },
      "style_color_misuse": {
        "0": "Combine color and descriptive markup to convey information",
        "Potential_1": "Verify color is not used as the only visual means of conveying information"
      },
      "skip_main_exists": {
        "0": "Pages must provide a way to skip directly to the main content",
        "Fail_1": "The page does not provide a way to quickly navigate to the main content (ARIA \"main\" landmark or a skip link)"
      }
    },
    "summary": {
      "counts": {
        "ignored": 0,
        "elements": 6,
        "elementsViolation": 4,
        "elementsViolationReview": 5,
        "violation": 4,
        "potentialviolation": 1,
        "recommendation": 1,
        "potentialrecommendation": 0,
        "manual": 1,
        "pass": 44
      },
      "scanTime": 30,
      "ruleArchive": "Latest Deployment (latest)",
      "policies": [
        "IBM_Accessibility"
      ],
      "reportLevels": [
        "violation",
        "potentialviolation"
      ],
      "startScan": 1740334346203,
      "URL": "https://example.com/"
    },
    "scanID": "65d79d51-21b6-46f9-9051-ed6f72204112",
    "toolID": "accessibility-checker-v4.0.1",
    "label": "pwdocker"
  },
  "puppeteer": {
    "_type": "Page",
    "_guid": "page@100d3c15902bb2de4b6a1e8a009bfa08"
  }
}
]]>
</system-out>
</testcase>
</testsuite>
</testsuites>